
=== B: forward error vs depth, frozen weights, no training ===
relative RMS divergence between an ideal chip and a mismatched chip running identical weights
gain sigma depth  cells  rel err med  per-stage equiv
     0.010     1      1   1.0876e-02       1.0876e-02 [    0s]
     0.010     2      3   6.1809e-03       4.3706e-03 [    0s]
     0.010     3      7   7.2055e-03       4.1601e-03 [    0s]
     0.010     4     15   7.5670e-03       3.7835e-03 [    0s]
     0.010     6     63   8.7450e-03       3.5701e-03 [    0s]
     0.010     8    255   9.8659e-03       3.4881e-03 [    0s]
     0.010    10   1023   1.0796e-02       3.4139e-03 [    0s]
     0.030     1      1   3.2299e-02       3.2299e-02 [    0s]
     0.030     2      3   1.7932e-02       1.2680e-02 [    0s]
     0.030     3      7   2.0850e-02       1.2038e-02 [    0s]
     0.030     4     15   2.1771e-02       1.0885e-02 [    0s]
     0.030     6     63   2.5530e-02       1.0422e-02 [    0s]
     0.030     8    255   2.9513e-02       1.0434e-02 [    0s]
     0.030    10   1023   3.2877e-02       1.0397e-02 [    0s]
     0.100     1      1   1.0404e-01       1.0404e-01 [    0s]
     0.100     2      3   5.3057e-02       3.7517e-02 [    0s]
     0.100     3      7   6.1233e-02       3.5353e-02 [    0s]
     0.100     4     15   6.5720e-02       3.2860e-02 [    0s]
     0.100     6     63   1.1815e-01       4.8235e-02 [    0s]
     0.100     8    255   2.1380e-01       7.5590e-02 [    1s]
     0.100    10   1023   4.5659e+11       1.4439e+11 [    1s]

=== A: depth sweep, tree, standard vs near-identity init ===
target           cfg    init      depth  cells  train med train best   test med
thermistor_sh    ideal  standard      1      1     2.1890     2.1359     2.1920 [   18s]
thermistor_sh    ideal  standard      2      3     0.7262     0.4316     0.7123 [   44s]
thermistor_sh    ideal  standard      3      7     0.5347     0.4533     0.5213 [   81s]
thermistor_sh    ideal  standard      4     15     0.6020     0.2164     0.6634 [  128s]
thermistor_sh    ideal  standard      6     63     0.7409     0.3222     0.8559 [  204s]
thermistor_sh    ideal  standard      8    255     2.1928     2.1147     2.1989 [  341s]
thermistor_sh    ideal  standard     10   1023    19.1267     1.1387    19.1706 [  651s]
thermistor_sh    ideal  identity      1      1     0.0982     0.0981     0.1011 [  666s]
thermistor_sh    ideal  identity      2      3     0.0761     0.0739     0.0810 [  693s]
thermistor_sh    ideal  identity      3      7     0.0136     0.0116     0.0136 [  729s]
thermistor_sh    ideal  identity      4     15     0.0101     0.0088     0.0098 [  776s]
thermistor_sh    ideal  identity      6     63     0.0144     0.0101     0.0139 [  855s]
thermistor_sh    ideal  identity      8    255     0.0093     0.0062     0.0091 [ 1001s]
thermistor_sh    ideal  identity     10   1023     0.5113     0.0096     0.4874 [ 1311s]
thermistor_sh    pdk    identity      1      1     0.1566     0.1073     0.1536 [ 1329s]
thermistor_sh    pdk    identity      2      3     0.1709     0.1655     0.1699 [ 1359s]
thermistor_sh    pdk    identity      3      7     0.1623     0.1058     0.1508 [ 1401s]
thermistor_sh    pdk    identity      4     15     0.1337     0.1263     0.1245 [ 1457s]
thermistor_sh    pdk    identity      6     63     0.1379     0.0990     0.1294 [ 1553s]
thermistor_sh    pdk    identity      8    255     0.2250     0.1377     0.2095 [ 1733s]
thermistor_sh    pdk    identity     10   1023     0.3137     0.1738     0.2945 [ 2138s]
osc_k3           ideal  standard      1      1     0.5509     0.4458     0.5516 [ 2154s]
osc_k3           ideal  standard      2      3     0.2550     0.1080     0.2494 [ 2182s]
osc_k3           ideal  standard      3      7     0.3349     0.2176     0.3316 [ 2219s]
osc_k3           ideal  standard      4     15     0.3377     0.1809     0.3312 [ 2268s]
osc_k3           ideal  standard      6     63     0.3417     0.3216     0.3444 [ 2345s]
osc_k3           ideal  standard      8    255     0.3415     0.1975     0.3484 [ 2492s]
osc_k3           ideal  standard     10   1023     0.2285     0.1064     0.2362 [ 2791s]
osc_k3           ideal  identity      1      1     0.6444     0.6444     0.6509 [ 2807s]
osc_k3           ideal  identity      2      3     0.3587     0.3540     0.3708 [ 2834s]
osc_k3           ideal  identity      3      7     0.1582     0.1311     0.1793 [ 2871s]
osc_k3           ideal  identity      4     15     0.1266     0.0494     0.1325 [ 2918s]
osc_k3           ideal  identity      6     63     0.2508     0.0273     0.2610 [ 2994s]
osc_k3           ideal  identity      8    255     0.3569     0.3388     0.3668 [ 3132s]
osc_k3           ideal  identity     10   1023     0.6384     0.2762     0.6443 [ 3440s]
osc_k3           pdk    identity      1      1     0.6462     0.6461     0.6530 [ 3457s]
osc_k3           pdk    identity      2      3     0.5787     0.4102     0.5873 [ 3487s]
osc_k3           pdk    identity      3      7     0.3900     0.2729     0.3740 [ 3529s]
osc_k3           pdk    identity      4     15     0.3488     0.2814     0.3465 [ 3585s]
osc_k3           pdk    identity      6     63     0.3493     0.2874     0.3372 [ 3676s]
osc_k3           pdk    identity      8    255     0.3571     0.1998     0.3551 [ 3847s]
osc_k3           pdk    identity     10   1023     0.5824     0.2457     0.5909 [ 4242s]

=== C: topology, equal depth and equal cell budget ===
target           topo  depth width  cells  params  train med train best   test med
thermistor_sh    tree      4     0     15      92     0.1259     0.1148     0.1160 [ 4298s]
thermistor_sh    dag       4     4     16     173     8.6459     5.5831     8.6631 [ 4358s]
thermistor_sh    mesh      4     4     16     149     4.1625     2.5113     4.1521 [ 4418s]
thermistor_sh    dag       4     8     32     537  2349.4773   367.3349  2335.3209 [ 4492s]
thermistor_sh    mesh      4     8     32     297  1631.6102  1032.4129  1611.7468 [ 4556s]
thermistor_sh    tree      6     0     63     380     0.1754     0.1152     0.1645 [ 4648s]
thermistor_sh    dag       6     8     48     857  1164.5421    51.5317  1172.2520 [ 4750s]
thermistor_sh    mesh      6     8     48     457   101.7836    20.2201   100.3811 [ 4846s]
thermistor_sh    dag       6    10     60    1271  5896.2723  1121.3373  5889.7167 [ 4967s]
thermistor_sh    mesh      6    10     60     571   545.4405   337.2967   535.8516 [ 5393s]
