
=== C: topology, equal depth and equal cell budget ===
target           topo  depth width  cells  params  train med train best   test med
thermistor_sh    tree      4     0     15      92     0.1294     0.1269     0.1231 [   42s]
thermistor_sh    dag       4     4     16     173     0.3689     0.1569     0.3730 [   85s]
thermistor_sh    mesh      4     4     16     149     0.0885     0.0457     0.0859 [  129s]
thermistor_sh    dag       4     8     32     537     1.6348     0.2094     1.6284 [  178s]
thermistor_sh    mesh      4     8     32     297     0.0438     0.0333     0.0449 [  224s]
thermistor_sh    tree      6     0     63     380     0.2776     0.1726     0.2622 [  292s]
thermistor_sh    dag       6     8     48     857     0.6631     0.2113     0.6584 [  364s]
thermistor_sh    mesh      6     8     48     457     0.1699     0.1072     0.1658 [  433s]
thermistor_sh    dag       6    10     60    1271     0.4892     0.4140     0.4687 [  509s]
thermistor_sh    mesh      6    10     60     571     0.0871     0.0520     0.0913 [  578s]
thermistor_sh    tree      8     0    255    1532     0.2125     0.1049     0.2062 [  717s]
thermistor_sh    dag       8     8     64    1177     5.1908     1.9073     5.1550 [  824s]
thermistor_sh    mesh      8     8     64     617     0.3487     0.1495     0.3277 [  923s]
thermistor_sh    dag       8    32    256   15457    10.5025     8.6113    10.5995 [ 1244s]
thermistor_sh    mesh      8    32    256    2465     4.4896     0.3477     4.4905 [ 1400s]
osc_k3           tree      4     0     15      92     0.3125     0.3074     0.3182 [ 1442s]
osc_k3           dag       4     4     16     173     0.3287     0.1125     0.3417 [ 1484s]
osc_k3           mesh      4     4     16     149     0.5578     0.2524     0.5577 [ 1530s]
osc_k3           dag       4     8     32     537     0.4651     0.1606     0.4471 [ 1582s]
osc_k3           mesh      4     8     32     297     0.4570     0.3882     0.4542 [ 1631s]
osc_k3           tree      6     0     63     380     0.3540     0.2840     0.3426 [ 1704s]
osc_k3           dag       6     8     48     857     0.6566     0.5232     0.6616 [ 1778s]
osc_k3           mesh      6     8     48     457     0.5629     0.2576     0.5674 [ 1847s]
osc_k3           dag       6    10     60    1271     0.6451     0.6248     0.6518 [ 1928s]
osc_k3           mesh      6    10     60     571     0.8153     0.4965     0.8324 [ 2014s]
osc_k3           tree      8     0    255    1532     0.3186     0.1911     0.3221 [ 2153s]
osc_k3           dag       8     8     64    1177     0.6490     0.6475     0.6567 [ 2257s]
osc_k3           mesh      8     8     64     617     0.6841     0.6546     0.6894 [ 2353s]
osc_k3           dag       8    32    256   15457     0.6559     0.6460     0.6622 [ 2670s]
osc_k3           mesh      8    32    256    2465     0.6555     0.5909     0.7058 [ 2830s]

Saved results/scaling_full.json  (2830s)
