system               model                testN     trajN  tdiv/T   oob       lam   clip   par
hill_n1              elm_ideal_c8        0.0120    0.0147   1.000  0.00  1.00e-12  0.000     9 [    0s]
hill_n1              elm_ideal_c18       0.0081    0.0092   1.000  0.00  1.00e-12  0.000    19 [    0s]
hill_n1              elm_ideal_c48       0.0080    0.0093   1.000  0.00  1.00e-12  0.000    49 [    1s]
hill_n1              elm_ideal_c192      0.0073    0.0085   1.000  0.00  1.00e-12  0.000   193 [    1s]
hill_n1              elm_pedestal_c8     0.0121    0.0150   1.000  0.00  1.00e-12  0.000     9 [    1s]
hill_n1              elm_pedestal_c18    0.0108    0.0129   1.000  0.00  1.00e-12  0.000    19 [    1s]
hill_n1              elm_pedestal_c48    0.0105    0.0126   1.000  0.00  1.00e-12  0.000    49 [    2s]
hill_n1              elm_pedestal_c192    0.0098    0.0116   1.000  0.00  1.00e-12  0.000   193 [    2s]
hill_n1              elm_silicon_c8      0.0121    0.0152   1.000  0.00  1.00e-12  0.000     9 [    2s]
hill_n1              elm_silicon_c18     0.0109    0.0130   1.000  0.00  1.00e-12  0.000    19 [    2s]
hill_n1              elm_silicon_c48     0.0104    0.0124   1.000  0.00  1.00e-12  0.000    49 [    3s]
hill_n1              elm_silicon_c192    0.0098    0.0115   1.000  0.00  1.00e-12  0.000   193 [    3s]
hill_n1              elm0_ideal_c8       0.0234    0.0308   0.970  0.00  1.78e-07  0.000     5 [    3s]
hill_n1              elm0_ideal_c18      0.0137    0.0163   1.000  0.00  5.62e-11  0.000     7 [    4s]
hill_n1              elm0_pedestal_c8    0.0279    0.0336   0.955  0.00  3.16e-08  0.000     5 [    4s]
hill_n1              elm0_pedestal_c18    0.0174    0.0199   1.000  0.00  3.16e-12  0.000     7 [    4s]
hill_n1              elmtanh_f18         0.0032    0.0040   1.000  0.00  1.00e-12  0.000    19 [    4s]
hill_n1              elmtanh_f192        0.0013    0.0015   1.000  0.00  1.00e-12  0.000   193 [    4s]
hill_n2              elm_ideal_c8        0.0024    0.0028   1.000  0.00  1.00e-12  0.000     9 [    4s]
hill_n2              elm_ideal_c18       0.0012    0.0014   1.000  0.00  1.00e-12  0.000    19 [    5s]
hill_n2              elm_ideal_c48       0.0010    0.0010   1.000  0.00  1.00e-12  0.000    49 [    5s]
hill_n2              elm_ideal_c192      0.0007    0.0005   1.000  0.00  1.00e-12  0.000   193 [    5s]
hill_n2              elm_pedestal_c8     0.0045    0.0059   1.000  0.00  1.00e-12  0.000     9 [    5s]
hill_n2              elm_pedestal_c18    0.0037    0.0049   1.000  0.00  1.00e-12  0.000    19 [    6s]
hill_n2              elm_pedestal_c48    0.0027    0.0036   1.000  0.00  1.00e-12  0.000    49 [    6s]
hill_n2              elm_pedestal_c192    0.0019    0.0023   1.000  0.00  1.00e-12  0.000   193 [    6s]
hill_n2              elm_silicon_c8      0.0043    0.0057   1.000  0.00  1.00e-12  0.000     9 [    6s]
hill_n2              elm_silicon_c18     0.0038    0.0051   1.000  0.00  1.00e-12  0.000    19 [    7s]
hill_n2              elm_silicon_c48     0.0027    0.0036   1.000  0.00  1.00e-12  0.000    49 [    7s]
hill_n2              elm_silicon_c192    0.0017    0.0021   1.000  0.00  1.00e-12  0.000   193 [    7s]
hill_n2              elm0_ideal_c8       0.0204    0.0196   1.000  0.00  3.16e-10  0.000     5 [    8s]
hill_n2              elm0_ideal_c18      0.0100    0.0106   1.000  0.00  1.78e-09  0.000     7 [    8s]
hill_n2              elm0_pedestal_c8    0.0202    0.0284   1.000  0.00  1.78e-08  0.000     5 [    8s]
hill_n2              elm0_pedestal_c18    0.0099    0.0078   1.000  0.00  1.00e-12  0.000     7 [    8s]
hill_n2              elmtanh_f18         0.0002    0.0001   1.000  0.00  1.00e-12  0.000    19 [    8s]
hill_n2              elmtanh_f192        0.0001    0.0000   1.000  0.00  1.00e-12  0.000   193 [    8s]
hill_n4              elm_ideal_c8        0.0080    0.0076   1.000  0.00  1.00e-12  0.000     9 [    9s]
hill_n4              elm_ideal_c18       0.0045    0.0044   1.000  0.00  1.00e-12  0.000    19 [    9s]
hill_n4              elm_ideal_c48       0.0040    0.0060   1.000  0.00  1.00e-12  0.000    49 [    9s]
hill_n4              elm_ideal_c192      0.0032    0.0051   1.000  0.00  1.00e-12  0.000   193 [    9s]
hill_n4              elm_pedestal_c8     0.0136    0.0119   1.000  0.00  1.00e-12  0.000     9 [   10s]
hill_n4              elm_pedestal_c18    0.0095    0.0087   1.000  0.00  1.00e-12  0.000    19 [   10s]
hill_n4              elm_pedestal_c48    0.0056    0.0050   1.000  0.00  1.00e-12  0.000    49 [   10s]
hill_n4              elm_pedestal_c192    0.0046    0.0046   1.000  0.00  1.00e-12  0.000   193 [   10s]
hill_n4              elm_silicon_c8      0.0140    0.0122   1.000  0.00  1.00e-12  0.000     9 [   11s]
hill_n4              elm_silicon_c18     0.0094    0.0086   1.000  0.00  1.00e-12  0.000    19 [   11s]
hill_n4              elm_silicon_c48     0.0057    0.0049   1.000  0.00  1.00e-12  0.000    49 [   11s]
hill_n4              elm_silicon_c192    0.0044    0.0046   1.000  0.00  1.00e-12  0.000   193 [   12s]
hill_n4              elm0_ideal_c8       0.0482    0.0395   1.000  0.00  5.62e-10  0.000     5 [   12s]
hill_n4              elm0_ideal_c18      0.0258    0.0214   1.000  0.00  1.00e-09  0.000     7 [   12s]
hill_n4              elm0_pedestal_c8    0.0408    0.0494   1.000  0.00  1.78e-08  0.000     5 [   12s]
hill_n4              elm0_pedestal_c18    0.0158    0.0141   1.000  0.00  1.00e-12  0.000     7 [   13s]
hill_n4              elmtanh_f18         0.0001    0.0001   1.000  0.00  1.00e-12  0.000    19 [   13s]
hill_n4              elmtanh_f192        0.0000    0.0000   1.000  0.00  1.00e-12  0.000   193 [   13s]
enzyme_cascade       elm_ideal_c8        0.0654    0.0902   0.685  0.00  5.62e-08  0.000    18 [   13s]
enzyme_cascade       elm_ideal_c18       0.0443    0.0603   0.835  0.00  1.00e-11  0.000    38 [   13s]
enzyme_cascade       elm_ideal_c48       0.0266    0.0459   0.962  0.00  1.00e-12  0.000    98 [   14s]
enzyme_cascade       elm_ideal_c192      0.0235    0.0340   1.000  0.00  1.00e-12  0.000   386 [   14s]
enzyme_cascade       elm_pedestal_c8     0.0609    0.1201   0.585  0.00  3.16e-08  0.000    18 [   14s]
enzyme_cascade       elm_pedestal_c18    0.0439    0.0595   0.860  0.00  1.00e-12  0.000    38 [   15s]
enzyme_cascade       elm_pedestal_c48    0.0273    0.0530   0.902  0.00  1.00e-12  0.000    98 [   15s]
enzyme_cascade       elm_pedestal_c192    0.0265    0.0466   0.946  0.00  1.00e-12  0.000   386 [   16s]
enzyme_cascade       elm_silicon_c8      0.0604    0.1186   0.593  0.00  1.00e-04  0.000    18 [   16s]
enzyme_cascade       elm_silicon_c18     0.0407    0.0582   0.875  0.00  1.00e-12  0.000    38 [   16s]
enzyme_cascade       elm_silicon_c48     0.0277    0.0524   0.906  0.00  1.00e-12  0.000    98 [   17s]
enzyme_cascade       elm_silicon_c192    0.0259    0.0461   0.950  0.00  1.00e-12  0.000   386 [   17s]
enzyme_cascade       elm0_ideal_c8       0.1113    0.1132   0.518  0.00  1.78e-04  0.000    10 [   18s]
enzyme_cascade       elm0_ideal_c18      0.0773    0.1251   0.618  0.00  1.78e-06  0.000    14 [   18s]
enzyme_cascade       elm0_pedestal_c8    0.0950    0.1247   0.515  0.00  5.62e-06  0.000    10 [   18s]
enzyme_cascade       elm0_pedestal_c18    0.0677    0.1186   0.604  0.00  5.62e-06  0.000    14 [   19s]
enzyme_cascade       elmtanh_f18         0.0388    0.0519   0.898  0.00  1.00e-04  0.000    38 [   19s]
enzyme_cascade       elmtanh_f192        0.0092    0.0190   1.000  0.00  1.00e-12  0.000   386 [   19s]
gene_autoreg         elm_ideal_c8        0.0009    0.0003   1.000  0.00  1.00e-12  0.000     9 [   19s]
gene_autoreg         elm_ideal_c18       0.0003    0.0000   1.000  0.00  1.00e-12  0.000    19 [   19s]
gene_autoreg         elm_ideal_c48       0.0003    0.0001   1.000  0.00  1.00e-12  0.000    49 [   20s]
gene_autoreg         elm_ideal_c192      0.0003    0.0000   1.000  0.00  1.00e-12  0.000   193 [   20s]
gene_autoreg         elm_pedestal_c8     0.0019    0.0007   1.000  0.00  1.00e-12  0.000     9 [   20s]
gene_autoreg         elm_pedestal_c18    0.0009    0.0002   1.000  0.00  1.00e-12  0.000    19 [   20s]
gene_autoreg         elm_pedestal_c48    0.0008    0.0004   1.000  0.00  1.00e-12  0.000    49 [   21s]
gene_autoreg         elm_pedestal_c192    0.0007    0.0003   1.000  0.00  1.00e-12  0.000   193 [   21s]
gene_autoreg         elm_silicon_c8      0.0019    0.0008   1.000  0.00  1.00e-12  0.000     9 [   21s]
gene_autoreg         elm_silicon_c18     0.0009    0.0006   1.000  0.00  1.00e-12  0.000    19 [   22s]
gene_autoreg         elm_silicon_c48     0.0008    0.0003   1.000  0.00  1.00e-12  0.000    49 [   22s]
gene_autoreg         elm_silicon_c192    0.0007    0.0002   1.000  0.00  1.00e-12  0.000   193 [   23s]
gene_autoreg         elm0_ideal_c8       0.0160    0.0031   1.000  0.00  1.78e-07  0.000     5 [   23s]
gene_autoreg         elm0_ideal_c18      0.0018    0.0003   1.000  0.00  3.16e-12  0.000     7 [   23s]
gene_autoreg         elm0_pedestal_c8    0.0129    0.0071   1.000  0.00  3.16e-09  0.000     5 [   23s]
gene_autoreg         elm0_pedestal_c18    0.0048    0.0030   1.000  0.00  1.00e-12  0.000     7 [   24s]
gene_autoreg         elmtanh_f18         0.0002    0.0000   1.000  0.00  1.00e-12  0.000    19 [   24s]
gene_autoreg         elmtanh_f192        0.0001    0.0000   1.000  0.00  1.00e-12  0.000   193 [   24s]
monod_chemostat      elm_ideal_c8        0.0649    0.1026   0.055  0.00  1.00e-06  0.000     9 [   24s]
monod_chemostat      elm_ideal_c18       0.0398    0.0240   1.000  0.00  3.16e-12  0.000    19 [   25s]
monod_chemostat      elm_ideal_c48       0.0231    0.0294   1.000  0.00  1.00e-12  0.000    49 [   25s]
monod_chemostat      elm_ideal_c192      0.0179    0.0186   1.000  0.00  1.00e-12  0.000   193 [   26s]
monod_chemostat      elm_pedestal_c8     0.0470    0.0276   1.000  0.00  5.62e-07  0.000     9 [   26s]
monod_chemostat      elm_pedestal_c18    0.0385    0.0197   1.000  0.00  5.62e-11  0.000    19 [   26s]
monod_chemostat      elm_pedestal_c48    0.0260    0.0348   1.000  0.00  1.00e-12  0.000    49 [   27s]
monod_chemostat      elm_pedestal_c192    0.0207    0.0270   1.000  0.00  1.00e-12  0.000   193 [   27s]
monod_chemostat      elm_silicon_c8      0.0461    0.0260   1.000  0.00  3.16e-07  0.000     9 [   28s]
monod_chemostat      elm_silicon_c18     0.0375    0.0307   1.000  0.00  5.62e-12  0.000    19 [   28s]
monod_chemostat      elm_silicon_c48     0.0249    0.0330   1.000  0.00  1.00e-12  0.000    49 [   29s]
monod_chemostat      elm_silicon_c192    0.0208    0.0265   1.000  0.00  1.00e-12  0.000   193 [   29s]
monod_chemostat      elm0_ideal_c8       0.1277    0.0745   0.043  0.00  1.78e-06  0.000     5 [   30s]
monod_chemostat      elm0_ideal_c18      0.1062    0.0611   0.568  0.00  1.00e-06  0.000     7 [   30s]
monod_chemostat      elm0_pedestal_c8    0.1404    0.0956   0.057  0.00  1.00e-03  0.000     5 [   30s]
monod_chemostat      elm0_pedestal_c18    0.0884    0.0916   0.077  0.00  3.16e-07  0.000     7 [   41s]
monod_chemostat      elmtanh_f18         0.0337    0.0430   1.000  0.00  3.16e-04  0.000    19 [   41s]
monod_chemostat      elmtanh_f192        0.0102    0.0032   1.000  0.00  1.00e-12  0.000   193 [   41s]
gompertz             elm_ideal_c8        0.0106    0.0027   1.000  0.00  1.00e-12  0.000     9 [   41s]
gompertz             elm_ideal_c18       0.0088    0.0011   1.000  0.00  1.00e-12  0.000    19 [   41s]
gompertz             elm_ideal_c48       0.0077    0.0010   1.000  0.00  1.00e-12  0.000    49 [   42s]
gompertz             elm_ideal_c192      0.0069    0.0005   1.000  0.00  1.00e-12  0.000   193 [   42s]
gompertz             elm_pedestal_c8     0.0140    0.0009   1.000  0.00  1.00e-12  0.000     9 [   42s]
gompertz             elm_pedestal_c18    0.0129    0.0020   1.000  0.00  1.00e-12  0.000    19 [   43s]
gompertz             elm_pedestal_c48    0.0108    0.0020   1.000  0.00  1.00e-12  0.000    49 [   43s]
gompertz             elm_pedestal_c192    0.0097    0.0017   1.000  0.00  1.00e-12  0.000   193 [   43s]
gompertz             elm_silicon_c8      0.0139    0.0011   1.000  0.00  1.00e-12  0.000     9 [   44s]
gompertz             elm_silicon_c18     0.0128    0.0019   1.000  0.00  1.00e-12  0.000    19 [   44s]
gompertz             elm_silicon_c48     0.0106    0.0018   1.000  0.00  1.00e-12  0.000    49 [   44s]
gompertz             elm_silicon_c192    0.0097    0.0016   1.000  0.00  1.00e-12  0.000   193 [   45s]
gompertz             elm0_ideal_c8       0.0287    0.0049   1.000  0.00  3.16e-07  0.000     5 [   45s]
gompertz             elm0_ideal_c18      0.0139    0.0030   1.000  0.00  5.62e-11  0.000     7 [   45s]
gompertz             elm0_pedestal_c8    0.0356    0.0062   1.000  0.00  1.00e-07  0.000     5 [   45s]
gompertz             elm0_pedestal_c18    0.0182    0.0045   1.000  0.00  1.00e-10  0.000     7 [   46s]
gompertz             elmtanh_f18         0.0039    0.0003   1.000  0.00  1.00e-12  0.000    19 [   46s]
gompertz             elmtanh_f192        0.0021    0.0000   1.000  0.00  1.00e-12  0.000   193 [   46s]
bimolecular          elm_ideal_c8        0.0167    0.0474   1.000  0.00  1.78e-06  0.000     9 [   46s]
bimolecular          elm_ideal_c18       0.0004    0.0004   1.000  0.00  1.00e-11  0.000    19 [   46s]
bimolecular          elm_ideal_c48       0.0000    0.0000   1.000  0.00  1.00e-12  0.000    49 [   47s]
bimolecular          elm_ideal_c192      0.0000    0.0000   1.000  0.00  1.00e-12  0.000   193 [   47s]
bimolecular          elm_pedestal_c8     0.0060    0.0091   1.000  0.00  5.62e-07  0.000     9 [   47s]
bimolecular          elm_pedestal_c18    0.0000    0.0000   1.000  0.00  1.78e-12  0.000    19 [   48s]
bimolecular          elm_pedestal_c48    0.0000    0.0000   1.000  0.00  1.00e-12  0.000    49 [   48s]
bimolecular          elm_pedestal_c192    0.0000    0.0000   1.000  0.00  1.00e-12  0.000   193 [   49s]
bimolecular          elm_silicon_c8      0.0058    0.0108   1.000  0.00  5.62e-08  0.000     9 [   49s]
bimolecular          elm_silicon_c18     0.0000    0.0001   1.000  0.00  1.00e-12  0.000    19 [   49s]
bimolecular          elm_silicon_c48     0.0000    0.0000   1.000  0.00  1.00e-12  0.000    49 [   50s]
bimolecular          elm_silicon_c192    0.0000    0.0000   1.000  0.00  1.00e-12  0.000   193 [   50s]
bimolecular          elm0_ideal_c8       0.1052    0.2141   0.258  0.00  5.62e-07  0.000     5 [   50s]
bimolecular          elm0_ideal_c18      0.0649    0.1111   0.671  0.00  3.16e-07  0.000     7 [   51s]
bimolecular          elm0_pedestal_c8    0.1379    0.1969   0.096  0.00  5.62e-05  0.000     5 [   51s]
bimolecular          elm0_pedestal_c18    0.0221    0.0518   1.000  0.00  1.00e-05  0.000     7 [   51s]
bimolecular          elmtanh_f18         0.0069    0.0087   1.000  0.00  5.62e-07  0.000    19 [   51s]
bimolecular          elmtanh_f192        0.0000    0.0000   1.000  0.00  1.00e-12  0.000   193 [   51s]
mm_bisub             elm_ideal_c8        0.4742    0.0898   0.629  0.00  1.78e-06  0.000     9 [   51s]
mm_bisub             elm_ideal_c18       0.3064    0.0570   0.767  0.00  3.16e-10  0.000    19 [   52s]
mm_bisub             elm_ideal_c48       0.1818    0.0257   1.000  0.00  1.00e-12  0.000    49 [   52s]
mm_bisub             elm_ideal_c192      0.1432    0.0242   1.000  0.00  1.00e-12  0.000   193 [   52s]
mm_bisub             elm_pedestal_c8     0.4886    0.0742   0.838  0.00  5.62e-08  0.000     9 [   53s]
mm_bisub             elm_pedestal_c18    0.3058    0.0482   0.812  0.00  1.00e-12  0.000    19 [   53s]
mm_bisub             elm_pedestal_c48    0.1953    0.0365   1.000  0.00  1.00e-12  0.000    49 [   53s]
mm_bisub             elm_pedestal_c192    0.1686    0.0211   1.000  0.00  1.00e-12  0.000   193 [   54s]
mm_bisub             elm_silicon_c8      0.4612    0.1359   0.345  0.00  5.62e-06  0.000     9 [   54s]
mm_bisub             elm_silicon_c18     0.3182    0.0589   0.898  0.00  1.00e-11  0.000    19 [   54s]
mm_bisub             elm_silicon_c48     0.1888    0.0375   0.954  0.00  1.00e-12  0.000    49 [   55s]
mm_bisub             elm_silicon_c192    0.1663    0.0208   1.000  0.00  1.00e-12  0.000   193 [   55s]
mm_bisub             elm0_ideal_c8       0.5997    0.1550   0.327  0.00  3.16e-05  0.000     5 [   55s]
mm_bisub             elm0_ideal_c18      0.5341    0.1187   0.247  0.00  3.16e-06  0.000     7 [   55s]
mm_bisub             elm0_pedestal_c8    0.6134    0.1307   0.336  0.00  5.62e-04  0.000     5 [   56s]
mm_bisub             elm0_pedestal_c18    0.5599    0.1285   0.401  0.00  1.00e-05  0.000     7 [   56s]
mm_bisub             elmtanh_f18         0.2957    0.0353   1.000  0.00  1.00e-04  0.000    19 [   56s]
mm_bisub             elmtanh_f192        0.0438    0.0016   1.000  0.00  1.00e-12  0.000   193 [   56s]
gene_repressilator   elm_ideal_c8        0.0764    0.2197   0.069  0.00  1.00e-11  0.000     9 [   59s]
gene_repressilator   elm_ideal_c18       0.0392    0.1492   0.193  0.00  1.00e-12  0.000    19 [   63s]
gene_repressilator   elm_ideal_c48       0.0336    0.1127   0.257  0.00  1.00e-12  0.000    49 [   70s]
gene_repressilator   elm_ideal_c192      0.0274    0.0576   0.851  0.00  1.00e-12  0.000   193 [   89s]
gene_repressilator   elm_pedestal_c8     0.0829    0.1025   0.082  0.00  1.00e-10  0.000     9 [   92s]
gene_repressilator   elm_pedestal_c18    0.0459    0.1876   0.120  0.00  1.00e-12  0.000    19 [   96s]
gene_repressilator   elm_pedestal_c48    0.0389    0.1435   0.172  0.00  1.00e-12  0.000    49 [  107s]
gene_repressilator   elm_pedestal_c192    0.0803    0.0599   0.898  0.00  1.00e-12  0.000   193 [  134s]
gene_repressilator   elm_silicon_c8      0.0739    0.1099   0.092  0.00  1.78e-12  0.000     9 [  138s]
gene_repressilator   elm_silicon_c18     0.0470    0.1983   0.115  0.00  1.00e-12  0.000    19 [  143s]
gene_repressilator   elm_silicon_c48     0.0373    0.1141   0.180  0.00  1.00e-12  0.000    49 [  170s]
gene_repressilator   elm_silicon_c192    0.0301    0.0537   0.472  0.00  1.00e-12  0.000   193 [  210s]
gene_repressilator   elm0_ideal_c8       0.1538    0.6236   0.017  0.00  1.78e-07  0.000     5 [  213s]
gene_repressilator   elm0_ideal_c18      0.1223    0.4459   0.058  0.00  1.00e-10  0.000     7 [  217s]
gene_repressilator   elm0_pedestal_c8    0.2233    0.8352   0.008  0.00  3.16e-04  0.000     5 [  220s]
gene_repressilator   elm0_pedestal_c18    0.1492    0.5545   0.044  0.00  3.16e-06  0.000     7 [  224s]
gene_repressilator   elmtanh_f18         0.0010    0.0011   1.000  0.00  1.78e-10  0.000    19 [  224s]
gene_repressilator   elmtanh_f192        0.0001    0.0001   1.000  0.00  1.00e-12  0.000   193 [  225s]
goodwin              elm_ideal_c8        0.2609    0.5476   0.195  0.00  3.16e-10  0.000     9 [  225s]
goodwin              elm_ideal_c18       0.2012    0.3805   0.411  0.00  1.00e-12  0.000    19 [  226s]
goodwin              elm_ideal_c48       0.1884    0.3204   0.515  0.00  1.00e-12  0.000    49 [  227s]
goodwin              elm_ideal_c192      0.1734    0.2668   0.536  0.00  1.00e-12  0.000   193 [  229s]
goodwin              elm_pedestal_c8     0.2570    0.3569   0.234  0.00  3.16e-10  0.000     9 [  230s]
goodwin              elm_pedestal_c18    0.2117    0.3745   0.416  0.00  1.00e-12  0.000    19 [  230s]
goodwin              elm_pedestal_c48    0.1976    0.3169   0.512  0.00  1.00e-12  0.000    49 [  232s]
goodwin              elm_pedestal_c192    3.0536    0.2559   0.545  0.00  1.00e-12  0.000   193 [  234s]
goodwin              elm_silicon_c8      0.2583    0.3652   0.336  0.00  1.00e-12  0.000     9 [  235s]
goodwin              elm_silicon_c18     0.2177    0.3015   0.495  0.00  1.00e-12  0.001    19 [  236s]
goodwin              elm_silicon_c48     0.1902    0.2781   0.514  0.00  1.00e-12  0.000    49 [  240s]
goodwin              elm_silicon_c192    0.1662    0.2283   0.562  0.00  1.00e-12  0.000   193 [  246s]
goodwin              elm0_ideal_c8       0.3258    0.6414   0.133  0.00  1.78e-07  0.000     5 [  247s]
goodwin              elm0_ideal_c18      0.3149    0.4750   0.176  0.00  5.62e-09  0.000     7 [  247s]
goodwin              elm0_pedestal_c8    0.4157    0.6574   0.096  0.00  1.78e-03  0.000     5 [  248s]
goodwin              elm0_pedestal_c18    0.3679    0.6563   0.134  0.00  5.62e-06  0.000     7 [  248s]
goodwin              elmtanh_f18         0.0243    0.0838   0.636  0.00  1.78e-12  0.000    19 [  249s]
goodwin              elmtanh_f192        0.0055    0.0135   1.000  0.00  1.00e-12  0.000   193 [  249s]
lotka_volterra       elm_ideal_c8        0.0228    0.5165   0.055  0.00  5.62e-06  0.000     9 [  249s]
lotka_volterra       elm_ideal_c18       0.0007    0.0121   1.000  0.00  1.78e-12  0.000    19 [  251s]
lotka_volterra       elm_ideal_c48       0.0000    0.0001   1.000  0.00  1.00e-12  0.000    49 [  252s]
lotka_volterra       elm_ideal_c192      0.0000    0.0000   1.000  0.00  1.00e-12  0.000   193 [  253s]
lotka_volterra       elm_pedestal_c8     0.0048    0.0604   0.636  0.00  1.78e-05  0.000     9 [  254s]
lotka_volterra       elm_pedestal_c18    0.0001    0.0010   1.000  0.00  1.00e-10  0.000    19 [  255s]
lotka_volterra       elm_pedestal_c48    0.0000    0.0000   1.000  0.00  1.00e-12  0.000    49 [  256s]
lotka_volterra       elm_pedestal_c192    0.0000    0.0000   1.000  0.00  1.00e-12  0.000   193 [  257s]
lotka_volterra       elm_silicon_c8      0.0087    0.3997   0.163  0.00  1.00e-06  0.000     9 [  258s]
lotka_volterra       elm_silicon_c18     0.0002    0.0069   1.000  0.00  3.16e-12  0.000    19 [  259s]
lotka_volterra       elm_silicon_c48     0.0000    0.0000   1.000  0.00  1.00e-12  0.000    49 [  261s]
lotka_volterra       elm_silicon_c192    0.0000    0.0000   1.000  0.00  1.00e-12  0.000   193 [  262s]
lotka_volterra       elm0_ideal_c8       0.0952    0.4603   0.009  0.00  1.00e-04  0.000     5 [  263s]
lotka_volterra       elm0_ideal_c18      0.0428    5.4395   0.020  0.11  5.62e-06  0.000     7 [  263s]
lotka_volterra       elm0_pedestal_c8    0.1036    0.3791   0.028  0.00  5.62e-03  0.000     5 [  264s]
lotka_volterra       elm0_pedestal_c18    0.0210    1.0274   0.082  0.43  1.78e-05  0.000     7 [  265s]
lotka_volterra       elmtanh_f18         0.0173    0.9636   0.103  0.21  5.62e-05  0.000    19 [  265s]
lotka_volterra       elmtanh_f192        0.0020    0.0000   1.000  0.00  1.00e-12  0.000   193 [  266s]
logistic             elm_ideal_c8        0.0000    0.0000   1.000  0.00  1.00e-12  0.000     9 [  266s]
logistic             elm_ideal_c18       0.0000    0.0000   1.000  0.00  1.00e-12  0.000    19 [  266s]
logistic             elm_ideal_c48       0.0000    0.0000   1.000  0.00  1.00e-12  0.000    49 [  266s]
logistic             elm_ideal_c192      0.0000    0.0000   1.000  0.00  1.00e-12  0.000   193 [  267s]
logistic             elm_pedestal_c8     0.0000    0.0000   1.000  0.00  1.00e-12  0.000     9 [  267s]
logistic             elm_pedestal_c18    0.0000    0.0000   1.000  0.00  1.00e-12  0.000    19 [  267s]
logistic             elm_pedestal_c48    0.0000    0.0000   1.000  0.00  1.00e-12  0.000    49 [  268s]
logistic             elm_pedestal_c192    0.0000    0.0000   1.000  0.00  1.00e-12  0.000   193 [  268s]
logistic             elm_silicon_c8      0.0000    0.0000   1.000  0.00  1.00e-12  0.000     9 [  268s]
logistic             elm_silicon_c18     0.0000    0.0000   1.000  0.00  1.00e-12  0.000    19 [  269s]
logistic             elm_silicon_c48     0.0000    0.0000   1.000  0.00  1.00e-12  0.000    49 [  269s]
logistic             elm_silicon_c192    0.0000    0.0000   1.000  0.00  1.00e-12  0.000   193 [  269s]
logistic             elm0_ideal_c8       0.0017    0.0011   1.000  0.00  1.78e-09  0.000     5 [  270s]
logistic             elm0_ideal_c18      0.0005    0.0002   1.000  0.00  3.16e-10  0.000     7 [  270s]
logistic             elm0_pedestal_c8    0.0027    0.0017   1.000  0.00  1.00e-08  0.000     5 [  270s]
logistic             elm0_pedestal_c18    0.0000    0.0000   1.000  0.00  1.00e-12  0.000     7 [  270s]
logistic             elmtanh_f18         0.0000    0.0000   1.000  0.00  1.00e-12  0.000    19 [  270s]
logistic             elmtanh_f192        0.0000    0.0000   1.000  0.00  1.00e-12  0.000   193 [  271s]
duffing_damped       elm_ideal_c8        0.0000    0.0004   1.000  0.00  1.00e-12  0.000     9 [  271s]
duffing_damped       elm_ideal_c18       0.0000    0.0000   1.000  0.00  1.00e-12  0.000    19 [  272s]
duffing_damped       elm_ideal_c48       0.0000    0.0001   1.000  0.00  1.00e-12  0.000    49 [  273s]
duffing_damped       elm_ideal_c192      0.0000    0.0000   1.000  0.00  1.00e-12  0.000   193 [  273s]
duffing_damped       elm_pedestal_c8     0.0000    0.0001   1.000  0.00  1.00e-12  0.000     9 [  274s]
duffing_damped       elm_pedestal_c18    0.0000    0.0000   1.000  0.00  1.00e-12  0.000    19 [  275s]
duffing_damped       elm_pedestal_c48    0.0000    0.0000   1.000  0.00  1.00e-12  0.000    49 [  275s]
duffing_damped       elm_pedestal_c192    0.0000    0.0000   1.000  0.00  1.00e-12  0.000   193 [  276s]
duffing_damped       elm_silicon_c8      0.0000    0.0001   1.000  0.00  1.00e-12  0.000     9 [  277s]
duffing_damped       elm_silicon_c18     0.0000    0.0000   1.000  0.00  1.00e-12  0.000    19 [  278s]
duffing_damped       elm_silicon_c48     0.0000    0.0000   1.000  0.00  1.00e-12  0.000    49 [  278s]
duffing_damped       elm_silicon_c192    0.0000    0.0000   1.000  0.00  1.00e-12  0.000   193 [  279s]
duffing_damped       elm0_ideal_c8       0.0436    0.4617   0.040  0.00  1.78e-08  0.000     5 [  280s]
duffing_damped       elm0_ideal_c18      0.0055    0.0658   0.517  0.00  3.16e-11  0.000     7 [  281s]
duffing_damped       elm0_pedestal_c8    0.0024    0.0350   1.000  0.00  5.62e-11  0.000     5 [  281s]
duffing_damped       elm0_pedestal_c18    0.0001    0.0015   1.000  0.00  1.00e-12  0.000     7 [  282s]
duffing_damped       elmtanh_f18         0.0000    0.0000   1.000  0.00  1.00e-12  0.000    19 [  282s]
duffing_damped       elmtanh_f192        0.0000    0.0000   1.000  0.00  1.00e-12  0.000   193 [  282s]
pendulum_damped      elm_ideal_c8        0.0006    0.0008   1.000  0.00  1.00e-12  0.000     9 [  282s]
pendulum_damped      elm_ideal_c18       0.0000    0.0001   1.000  0.00  1.00e-12  0.000    19 [  283s]
pendulum_damped      elm_ideal_c48       0.0002    0.0003   1.000  0.00  1.00e-12  0.000    49 [  284s]
pendulum_damped      elm_ideal_c192      0.0000    0.0000   1.000  0.00  1.00e-12  0.000   193 [  284s]
pendulum_damped      elm_pedestal_c8     0.0003    0.0004   1.000  0.00  1.00e-12  0.000     9 [  285s]
pendulum_damped      elm_pedestal_c18    0.0000    0.0000   1.000  0.00  1.00e-12  0.000    19 [  285s]
pendulum_damped      elm_pedestal_c48    0.0000    0.0000   1.000  0.00  1.00e-12  0.000    49 [  286s]
pendulum_damped      elm_pedestal_c192    0.0000    0.0000   1.000  0.00  1.00e-12  0.000   193 [  287s]
pendulum_damped      elm_silicon_c8      0.0004    0.0005   1.000  0.00  1.00e-12  0.000     9 [  287s]
pendulum_damped      elm_silicon_c18     0.0000    0.0000   1.000  0.00  1.00e-12  0.000    19 [  288s]
pendulum_damped      elm_silicon_c48     0.0000    0.0000   1.000  0.00  1.00e-12  0.000    49 [  289s]
pendulum_damped      elm_silicon_c192    0.0000    0.0000   1.000  0.00  1.00e-12  0.000   193 [  290s]
pendulum_damped      elm0_ideal_c8       0.0467    0.0758   0.160  0.00  3.16e-08  0.000     5 [  290s]
pendulum_damped      elm0_ideal_c18      0.0234    0.0375   1.000  0.00  3.16e-09  0.000     7 [  291s]
pendulum_damped      elm0_pedestal_c8    0.0562    0.0932   0.116  0.00  3.16e-07  0.000     5 [  291s]
pendulum_damped      elm0_pedestal_c18    0.0029    0.0060   1.000  0.00  1.00e-12  0.000     7 [  292s]
pendulum_damped      elmtanh_f18         0.0000    0.0000   1.000  0.00  1.00e-12  0.000    19 [  292s]
pendulum_damped      elmtanh_f192        0.0000    0.0000   1.000  0.00  1.00e-12  0.000   193 [  292s]
brusselator          elm_ideal_c8        0.0347    0.6835   0.049  0.00  3.16e-07  0.000     9 [  293s]
brusselator          elm_ideal_c18       0.0015    0.1379   0.304  0.00  5.62e-11  0.000    19 [  294s]
brusselator          elm_ideal_c48       0.0000    0.0018   1.000  0.00  1.00e-12  0.000    49 [  295s]
brusselator          elm_ideal_c192      0.0000    0.0001   1.000  0.00  1.00e-12  0.000   193 [  296s]
brusselator          elm_pedestal_c8     0.0242    0.2565   0.040  0.00  5.62e-06  0.000     9 [  297s]
brusselator          elm_pedestal_c18    0.0004    0.0064   1.000  0.00  3.16e-11  0.000    19 [  298s]
brusselator          elm_pedestal_c48    0.0000    0.0002   1.000  0.00  1.00e-12  0.000    49 [  299s]
brusselator          elm_pedestal_c192    0.0000    0.0000   1.000  0.00  1.00e-12  0.000   193 [  300s]
brusselator          elm_silicon_c8      0.0222    0.4674   0.116  0.00  1.78e-05  0.000     9 [  301s]
brusselator          elm_silicon_c18     0.0006    0.0217   0.628  0.00  1.78e-11  0.000    19 [  302s]
brusselator          elm_silicon_c48     0.0000    0.0001   1.000  0.00  1.00e-12  0.000    49 [  303s]
brusselator          elm_silicon_c192    0.0000    0.0000   1.000  0.00  1.00e-12  0.000   193 [  305s]
brusselator          elm0_ideal_c8       0.1753    1.9734   0.017  0.67  1.00e-04  0.000     5 [  307s]
brusselator          elm0_ideal_c18      0.1430    0.6166   0.014  0.01  5.62e-06  0.000     7 [  337s]
brusselator          elm0_pedestal_c8    0.0907    0.4008   0.023  0.00  3.16e-04  0.000     5 [  338s]
brusselator          elm0_pedestal_c18    0.0620    0.4853   0.025  0.00  3.16e-07  0.000     7 [  338s]
brusselator          elmtanh_f18         0.0177    0.4268   0.092  0.00  1.78e-06  0.000    19 [  339s]
brusselator          elmtanh_f192        0.0065    0.0000   1.000  0.00  1.00e-12  0.000   193 [  339s]

Saved results/elm.json (339s)
