system               cls             model        testN  otrajN    trajN  tdiv/T   ss_err   oob  par
hill_n1              ratio/contract  fabric_ideal_c8  0.0164  0.0697   0.0221   1.000   0.0597  0.00   69 [   59s]
hill_n1              ratio/contract  fabric_ideal_c18  0.0219  0.0853   0.0286   0.999   0.0736  0.00  163 [   59s]
hill_n1              ratio/contract  fabric_pedestal_c8  0.0233  0.0920   0.0313   0.968   0.0821  0.00   69 [   59s]
hill_n1              ratio/contract  fabric_pedestal_c18  0.0189  0.0774   0.0250   1.000   0.0689  0.00  163 [   59s]
hill_n1              ratio/contract  mlp_h23     0.0038  0.0214   0.0045   1.000   0.0145  0.00   70 [   59s]
hill_n1              ratio/contract  mlp_h54     0.0032  0.0196   0.0040   1.000   0.0130  0.00  163 [   59s]
hill_n1              ratio/contract  poly        0.0158  0.0598   0.0174   1.000   0.0495  0.00   10 [   59s]
hill_n2              ratio/contract  fabric_ideal_c8  0.0162  0.0369   0.0179   1.000   0.0214  0.00   69 [  120s]
hill_n2              ratio/contract  fabric_ideal_c18  0.0235  0.0613   0.0300   1.000   0.0408  0.00  163 [  121s]
hill_n2              ratio/contract  fabric_pedestal_c8  0.0250  0.0700   0.0351   1.000   0.0559  0.00   69 [  121s]
hill_n2              ratio/contract  fabric_pedestal_c18  0.0169  0.0480   0.0245   1.000   0.0425  0.00  163 [  121s]
hill_n2              ratio/contract  mlp_h23     0.0009  0.0016   0.0006   1.000   0.0017  0.00   70 [  121s]
hill_n2              ratio/contract  mlp_h54     0.0006  0.0009   0.0003   1.000   0.0008  0.00  163 [  121s]
hill_n2              ratio/contract  poly        0.0038  0.0102   0.0048   1.000   0.0105  0.00   10 [  121s]
hill_n4              ratio/contract  fabric_ideal_c8  0.0394  0.0960   0.0379   1.000   0.0212  0.00   69 [  185s]
hill_n4              ratio/contract  fabric_ideal_c18  0.0296  0.0765   0.0321   1.000   0.0190  0.00  163 [  185s]
hill_n4              ratio/contract  fabric_pedestal_c8  0.0472  0.1322   0.0575   1.000   0.0501  0.00   69 [  185s]
hill_n4              ratio/contract  fabric_pedestal_c18  0.0047  0.0127   0.0055   1.000   0.0129  0.00  163 [  185s]
hill_n4              ratio/contract  mlp_h23     0.0007  0.0022   0.0011   1.000   0.0025  0.00   70 [  185s]
hill_n4              ratio/contract  mlp_h54     0.0004  0.0013   0.0007   1.000   0.0005  0.00  163 [  185s]
hill_n4              ratio/contract  poly        0.0100  0.0253   0.0091   1.000   0.0132  0.00   10 [  185s]
enzyme_cascade       ratio/contract  fabric_ideal_c8  0.0422  0.1515   0.0681   0.773   0.1304  0.00  170 [  310s]
enzyme_cascade       ratio/contract  fabric_ideal_c18  0.0320  0.1351   0.0641   0.808   0.1270  0.00  398 [  311s]
enzyme_cascade       ratio/contract  fabric_pedestal_c8  0.0494  0.1830   0.0860   0.702   0.1703  0.00  170 [  311s]
enzyme_cascade       ratio/contract  fabric_pedestal_c18  0.0567  0.1751   0.0828   0.729   0.1703  0.00  398 [  312s]
enzyme_cascade       ratio/contract  mlp_h21     0.0091  0.0528   0.0240   1.000   0.0534  0.00  170 [  312s]
enzyme_cascade       ratio/contract  mlp_h50     0.0069  0.0417   0.0179   1.000   0.0411  0.00  402 [  312s]
enzyme_cascade       ratio/contract  poly        0.0197  0.0873   0.0442   0.977   0.0914  0.00  110 [  312s]
gene_autoreg         ratio/contract  fabric_ideal_c8  0.0090  0.0064   0.0025   1.000   0.0006  0.00   69 [  373s]
gene_autoreg         ratio/contract  fabric_ideal_c18  0.0054  0.0070   0.0028   1.000   0.0029  0.00  163 [  373s]
gene_autoreg         ratio/contract  fabric_pedestal_c8  0.0188  0.0230   0.0087   1.000   0.0076  0.00   69 [  373s]
gene_autoreg         ratio/contract  fabric_pedestal_c18  0.0203  0.0162   0.0062   1.000   0.0036  0.00  163 [  374s]
gene_autoreg         ratio/contract  mlp_h23     0.0013  0.0003   0.0000   1.000   0.0000  0.00   70 [  374s]
gene_autoreg         ratio/contract  mlp_h54     0.0010  0.0009   0.0003   1.000   0.0003  0.00  163 [  374s]
gene_autoreg         ratio/contract  poly        0.0016  0.0023   0.0009   1.000   0.0009  0.00   10 [  374s]
monod_chemostat      ratio/contract  fabric_ideal_c8  0.0490  0.0790   0.0319   1.000   0.0326  0.00   85 [  438s]
monod_chemostat      ratio/contract  fabric_ideal_c18  0.0356  0.0387   0.0281   0.546   0.0127  0.00  199 [  438s]
monod_chemostat      ratio/contract  fabric_pedestal_c8  0.0381  0.0195   0.0085   1.000   0.0045  0.00   85 [  438s]
monod_chemostat      ratio/contract  fabric_pedestal_c18  0.0517  0.0655   0.0265   1.000   0.0260  0.00  199 [  439s]
monod_chemostat      ratio/contract  mlp_h21     0.0103  0.0115   0.0030   1.000   0.0027  0.00   85 [  439s]
monod_chemostat      ratio/contract  mlp_h50     0.0097  0.0098   0.0022   1.000   0.0011  0.00  201 [  439s]
monod_chemostat      ratio/contract  poly        0.0158  0.0384   0.0109   1.000   0.0110  0.00   55 [  439s]
gompertz             ratio/contract  fabric_ideal_c8  0.0389  0.1279   0.0218   1.000   0.0228  0.00   69 [  500s]
gompertz             ratio/contract  fabric_ideal_c18  0.0267  0.0385   0.0048   1.000   0.0042  0.00  163 [  501s]
gompertz             ratio/contract  fabric_pedestal_c8  0.0301  0.0354   0.0046   1.000   0.0017  0.00   69 [  501s]
gompertz             ratio/contract  fabric_pedestal_c18  0.0202  0.0339   0.0048   1.000   0.0051  0.00  163 [  501s]
gompertz             ratio/contract  mlp_h23     0.0071  0.0057   0.0007   1.000   0.0001  0.00   70 [  501s]
gompertz             ratio/contract  mlp_h54     0.0060  0.0091   0.0013   1.000   0.0007  0.00  163 [  501s]
gompertz             ratio/contract  poly        0.0139  0.0141   0.0016   1.000   0.0005  0.00   10 [  501s]
bimolecular          ratio/contract  fabric_ideal_c8  0.0459  0.1424   0.1067   0.540   0.1230  0.00   85 [  566s]
bimolecular          ratio/contract  fabric_ideal_c18  0.0263  0.1078   0.0310   1.000   0.0411  0.00  199 [  566s]
bimolecular          ratio/contract  fabric_pedestal_c8  0.0121  0.0256   0.0125   1.000   0.0086  0.00   85 [  566s]
bimolecular          ratio/contract  fabric_pedestal_c18  0.0644  0.2027   0.1564   0.520   0.3354  0.00  199 [  566s]
bimolecular          ratio/contract  mlp_h21     0.0060  0.0107   0.0058   1.000   0.0015  0.00   85 [  566s]
bimolecular          ratio/contract  mlp_h50     0.0062  0.0150   0.0060   1.000   0.0096  0.00  201 [  567s]
bimolecular          ratio/contract  poly        0.0000  0.0000   0.0000   1.000   0.0000  0.00   10 [  567s]
gene_repressilator   ratio/osc       fabric_ideal_c8  0.0725  0.1003   0.5685   0.105   0.6915  0.00   69 [ 2006s]
gene_repressilator   ratio/osc       fabric_ideal_c18  0.0311  0.0323   0.1929   0.136   0.3167  0.00  163 [ 2010s]
gene_repressilator   ratio/osc       fabric_pedestal_c8  0.0570  0.0783   0.2226   0.079   0.2594  0.00   69 [ 2012s]
gene_repressilator   ratio/osc       fabric_pedestal_c18  0.0261  0.0320   0.1083   0.300   0.1581  0.00  163 [ 2016s]
gene_repressilator   ratio/osc       mlp_h23     0.0020  0.0026   0.0033   1.000   0.0026  0.00   70 [ 2016s]
gene_repressilator   ratio/osc       mlp_h54     0.0018  0.0010   0.0022   1.000   0.0025  0.00  163 [ 2016s]
gene_repressilator   ratio/osc       poly        0.0904  0.1225   0.3038   0.060   0.2692  0.00   10 [ 2017s]
goodwin              ratio/osc       fabric_ideal_c8  0.0974  0.2901   0.0615   0.748   0.1147  0.00   69 [ 2078s]
goodwin              ratio/osc       fabric_ideal_c18  0.1703  0.9652   0.4817   0.116   0.7392  0.00  163 [ 2079s]
goodwin              ratio/osc       fabric_pedestal_c8  0.1023  0.7023   0.1297   0.578   0.0975  0.00   69 [ 2079s]
goodwin              ratio/osc       fabric_pedestal_c18  0.1001  0.3324   0.0810   0.568   0.1371  0.00  163 [ 2080s]
goodwin              ratio/osc       mlp_h23     0.0076  0.0467   0.0312   1.000   0.0483  0.00   70 [ 2080s]
goodwin              ratio/osc       mlp_h54     0.0034  0.0246   0.0127   1.000   0.0146  0.00  163 [ 2080s]
goodwin              ratio/osc       poly        0.2805  1.8151   0.6015   0.305   0.6706  0.00   10 [ 2080s]
lotka_volterra       ratio/osc       fabric_ideal_c8  0.0310  0.0703   0.4270   0.023   0.3332  0.00   85 [ 2145s]
lotka_volterra       ratio/osc       fabric_ideal_c18  0.0535  0.1257   0.8751   0.015   0.7068  0.00  199 [ 2145s]
lotka_volterra       ratio/osc       fabric_pedestal_c8  0.0298  0.0605   0.4094   0.028   0.3370  0.00   85 [ 2146s]
lotka_volterra       ratio/osc       fabric_pedestal_c18  0.0329  0.0527   0.2659   0.070   0.2600  0.00  199 [ 2147s]
lotka_volterra       ratio/osc       mlp_h21     0.0058  0.0059   0.1284   0.412   0.1898  0.00   85 [ 2147s]
lotka_volterra       ratio/osc       mlp_h50     0.0061  0.0071   0.1817   0.544   0.3196  0.00  201 [ 2147s]
lotka_volterra       ratio/osc       poly        0.0000  0.0000   0.0000   1.000   0.0000  0.00    6 [ 2147s]
logistic             poly/contract   fabric_ideal_c8  0.0382  0.1143   0.0214   1.000   0.0123  0.00   69 [ 2209s]
logistic             poly/contract   fabric_ideal_c18  0.0553  0.1518   0.0307   1.000   0.0127  0.00  163 [ 2209s]
logistic             poly/contract   fabric_pedestal_c8  0.0153  0.0287   0.0054   1.000   0.0011  0.00   69 [ 2209s]
logistic             poly/contract   fabric_pedestal_c18  0.0016  0.0059   0.0009   1.000   0.0009  0.00  163 [ 2209s]
logistic             poly/contract   mlp_h23     0.0051  0.0131   0.0019   1.000   0.0017  0.00   70 [ 2209s]
logistic             poly/contract   mlp_h54     0.0058  0.0160   0.0023   1.000   0.0022  0.00  163 [ 2209s]
logistic             poly/contract   poly        0.0000  0.0000   0.0000   1.000   0.0000  0.00    3 [ 2209s]
duffing_damped       poly/contract   fabric_ideal_c8  0.0669  0.5275   0.7351   0.012   0.4780  0.00   69 [ 2273s]
duffing_damped       poly/contract   fabric_ideal_c18  0.0582  0.1964   0.4043   0.007   0.0937  0.00  163 [ 2274s]
duffing_damped       poly/contract   fabric_pedestal_c8  0.0843  0.6388   0.8236   0.008   0.5320  0.00   69 [ 2275s]
duffing_damped       poly/contract   fabric_pedestal_c18  0.0393  0.1565   0.4005   0.010   0.0944  0.00  163 [ 2275s]
duffing_damped       poly/contract   mlp_h23     0.0023  0.0059   0.0169   1.000   0.0145  0.00   70 [ 2275s]
duffing_damped       poly/contract   mlp_h54     0.0043  0.0120   0.0221   1.000   0.0214  0.00  163 [ 2276s]
duffing_damped       poly/contract   poly        0.0000  0.0000   0.0000   1.000   0.0000  0.00    4 [ 2276s]
pendulum_damped      trig/contract   fabric_ideal_c8  0.0789  0.1032   0.0923   0.151   0.0487  0.00   69 [ 2339s]
pendulum_damped      trig/contract   fabric_ideal_c18  0.0801  0.1207   0.1010   0.059   0.0558  0.00  163 [ 2340s]
pendulum_damped      trig/contract   fabric_pedestal_c8  0.1134  0.1319   0.1333   0.061   0.0801  0.00   69 [ 2340s]
pendulum_damped      trig/contract   fabric_pedestal_c18  0.0430  0.1105   0.0671   0.805   0.0831  0.00  163 [ 2341s]
pendulum_damped      trig/contract   mlp_h23     0.0019  0.0031   0.0024   1.000   0.0029  0.00   70 [ 2341s]
pendulum_damped      trig/contract   mlp_h54     0.0017  0.0024   0.0019   1.000   0.0022  0.00  163 [ 2341s]
pendulum_damped      trig/contract   poly        0.0000  0.0000   0.0000   1.000   0.0000  0.00   10 [ 2341s]
brusselator          poly/osc        fabric_ideal_c8  0.0338  0.1184   0.7216   0.070   0.2476  0.00   85 [ 2408s]
brusselator          poly/osc        fabric_ideal_c18  0.0565  0.1659   0.4945   0.018   0.6657  0.02  199 [ 2410s]
brusselator          poly/osc        fabric_pedestal_c8  0.0211  0.1011   0.7069   0.050   0.3324  0.00   85 [ 2411s]
brusselator          poly/osc        fabric_pedestal_c18  0.0660  0.1711   1.9597   0.021   0.5855  0.30  199 [ 2817s]
brusselator          poly/osc        mlp_h21     0.0121  0.0335   0.2662   0.205   0.3458  0.00   85 [ 2817s]
brusselator          poly/osc        mlp_h50     0.0135  0.0239   0.1198   0.313   0.0500  0.00  201 [ 2817s]
brusselator          poly/osc        poly        0.0000  0.0000   0.0000   1.000   0.0000  0.00   10 [ 2817s]

Saved results/ratio.json (2817s)
