system               model                      testN     trajN  tdiv/T   par
hill_n1              fabric_silicon_c8         0.0262    0.0382   0.930    69 [   10s]
hill_n1              fabric_silicon_c18        0.0269    0.0370   0.938   163 [   27s]
hill_n2              fabric_silicon_c8         0.0293    0.0413   1.000    69 [   37s]
hill_n2              fabric_silicon_c18        0.0250    0.0373   1.000   163 [   55s]
hill_n4              fabric_silicon_c8         0.0582    0.0642   0.707    69 [   65s]
hill_n4              fabric_silicon_c18        0.0473    0.0554   1.000   163 [   83s]
enzyme_cascade       fabric_silicon_c8         0.0726    0.1222   0.601   170 [  105s]
enzyme_cascade       fabric_silicon_c18        0.0873    0.1194   0.625   398 [  142s]
gene_autoreg         fabric_silicon_c8         0.0271    0.0079   1.000    69 [  152s]
gene_autoreg         fabric_silicon_c18        0.0295    0.0062   1.000   163 [  171s]
monod_chemostat      fabric_silicon_c8         0.0534    0.0463   0.547    85 [  181s]
monod_chemostat      fabric_silicon_c18        0.0882    0.0447   0.534   199 [  200s]
gompertz             fabric_silicon_c8         0.0454    0.0131   1.000    69 [  210s]
gompertz             fabric_silicon_c18        0.0274    0.0056   1.000   163 [  228s]
bimolecular          fabric_silicon_c8         0.0758    0.0918   0.092    85 [  238s]
bimolecular          fabric_silicon_c18        0.1487    0.2418   0.168   199 [  257s]
mm_bisub             fabric_silicon_c8         0.1520    0.0572   1.000    85 [  267s]
mm_bisub             fabric_silicon_c18        0.3774    0.0889   0.453   199 [  286s]
gene_repressilator   fabric_silicon_c8         0.0610    0.1777   0.084    69 [  299s]
gene_repressilator   fabric_silicon_c18        0.0824    0.1231   0.095   163 [  321s]
goodwin              fabric_silicon_c8         0.1011    0.1356   0.181    69 [  331s]
goodwin              fabric_silicon_c18        0.0733    0.2915   0.123   163 [  349s]
lotka_volterra       fabric_silicon_c8         0.0836    0.9079   0.018    85 [  380s]
lotka_volterra       fabric_silicon_c18        0.0833    0.5751   0.011   199 [  428s]
logistic             fabric_silicon_c8         0.0221    0.0151   1.000    69 [  438s]
logistic             fabric_silicon_c18        0.0207    0.0100   1.000   163 [  456s]
duffing_damped       fabric_silicon_c8         0.2768    1.1551   0.005    69 [  466s]
duffing_damped       fabric_silicon_c18        0.2196    1.0698   0.004   163 [  485s]
pendulum_damped      fabric_silicon_c8         0.2895    0.4670   0.034    69 [  495s]
pendulum_damped      fabric_silicon_c18        0.2466    0.2150   0.028   163 [  513s]
brusselator          fabric_silicon_c8         0.1631    0.7214   0.005    85 [  525s]
brusselator          fabric_silicon_c18        0.2121       inf   0.000   199 [  584s]

Saved results/ratio_silicon.json (584s)
